<!DOCTYPE html>
<html lang="en">
<head>
	<meta charset="UTF-8">
	<meta name="viewport" content="width=device-width, initial-scale=1.0">
	<link rel="stylesheet" href="css/main.css">
	<title>Document</title>
</head>
<body>
	<div class="first_block">
		<div class="pannel"></div>
		<div class="container">

			<header>
				<img src="img/logo.png" alt="">
				<i class="burger fas fa-bars"></i>

				<nav>
					<a href="#">home</a>
					<a href="#">servises</a>
					<a href="#">portfolio</a>
					<a href="#">about</a>
					<a href="#">contact</a>
				</nav>
			</header>

			<h2>Welcome To Our Studio!</h2>
			<h1>It’s nice to Meet you</h1>
			<button>tell me more</button>
		</div>
	</div>

	<div class="container">
		<div class="servises">
			<h2 class="servises__title">servises</h2>
			<p class="servises__subtitle">Proin iaculis purus consequat sem cure.</p>
			<div class="servises__servises">
				<div class="servise__card">
					<img src="img/e_commerce.png" alt="" class="servise__card--image">
					<div class="servise__card--title">E-Commerce</div>
					<div class="servise__card--subtitle">Proin iaculis purus consequat sem cure digni ssim. Donec porttitora entum suscipit aenean rhoncus posuere odio in tincidunt.</div>
				</div>
				<div class="servise__card">
					<img src="img/responsible_web.png" alt="" class="servise__card--image">
					<div class="servise__card--title">Responsible Web</div>
					<div class="servise__card--subtitle">Proin iaculis purus consequat sem cure digni ssim. Donec porttitora entum suscipit aenean rhoncus posuere odio in tincidunt.</div>
				</div>
				<div class="servise__card">
					<img src="img/web_security.png" alt="" class="servise__card--image">
					<div class="servise__card--title">Web Security</div>
					<div class="servise__card--subtitle">Proin iaculis purus consequat sem cure digni ssim. Donec porttitora entum suscipit aenean rhoncus posuere odio in tincidunt</div>
				</div>
			</div>
		</div>

		<div class="portfolio">
			<h2 class="portfolio__title">portfolio</h2>
			<p class="portfolio__subritle">Proin iaculis purus consequat sem cure.</p>
			<div class="portfolio__img">
				<img src="img/prtfolio_ebony.png" alt="">
				<img src="img/portfolio_2.png" alt="">
				<img src="img/portfolio_3.png" alt="">
			</div>
		</div>

		<div class="about">
			<div class="about__title">About Us</div>
			<div class="aboout__subtitle">Proin iaculis purus consequat sem cure.</div>
			<div class="about__cars">
				

					<div class="card__textblock posleft">
						<h5 class="date">July 2010</h5>
						 <h5 class="whatHappen">Our Humble Beginnings</h5>
						<p>Proin iaculis purus consequat sem cure digni ssim. Donec porttitora entum suscipit aenean rhoncus posuere odio in tincidunt. Proin iaculis purus consequat sem cure digni.</p>
					</div>
					<img class="about__photo" src="img/about1.png"></img>
					


					<div class="card__textblock posright" id="sec_text">
					
						<h5 class="date">January 2011</h5>
						<h5 class="whatHappen">Facing Startup Battles</h5>
						<p>Proin iaculis purus consequat sem cure digni ssim. Donec porttitora entum suscipit aenean rhoncus posuere odio in tincidunt. Proin iaculis purus consequat sem cure digni.</p>
					</div>
					<img class="about__photo" id="sec_photo" src="img/about2.png"></img>
					
					
				
					<div class="card__textblock posleft" id="thrd_rext">
						<h5 class="date">December 2012</h5>
<h5 class="whatHappen">Enter The Dark Days</h5>
						<p>Proin iaculis purus consequat sem cure digni ssim. Donec porttitora entum suscipit aenean rhoncus posuere odio in tincidunt. Proin iaculis purus consequat sem cure digni.</p>
					</div>
					<img class="about__photo" src="img/about3.png"></img>
					
				

					
					<div class="card__textblock posright" id="forth_text">
						<h5 class="date">february 2014</h5>
<h5 class="whatHappen">Our Triumph</h5>
						<p>Proin iaculis purus consequat sem cure digni ssim. Donec porttitora entum suscipit aenean rhoncus posuere odio in tincidunt. Proin iaculis purus consequat sem cure digni.</p>

					
					
				</div>
				<img class="about__photo" src="img/about4.png"></img>

				
			</div>

		</div>

		<footer>
			<p>© Copyright 2014 FreebiesXpress.com</p>
		</footer>




	</div>

<script src="https://kit.fontawesome.com/a6dbdcd920.js" crossorigin="anonymous"></script>
<script src="https://code.jquery.com/jquery-3.6.0.min.js" integrity="sha256-/xUj+3OJU5yExlq6GSYGSHk7tPXikynS7ogEvDej/m4=" crossorigin="anonymous"></script>
</body>
</html>